   error(existence_error(stream,readme),stream_property/0).
