module_resolution
module_resolution
module_resolution
module_resolution
user
user
