   error(representation_error(dcg_body),[culprit-({true}->[])]).
